[    0.000000] Initializing cgroup subsys cpuset
[    0.000000] Linux version 2.6.32.65 (root@dkdk) (gcc version 4.9.1 (Ubuntu 4.9.1-16ubuntu6) ) #2 SMP Tue Mar 17 11:14:49 KST 2015
[    0.000000] KERNEL supported cpus:
[    0.000000]   Intel GenuineIntel
[    0.000000]   AMD AuthenticAMD
[    0.000000]   NSC Geode by NSC
[    0.000000]   Cyrix CyrixInstead
[    0.000000]   Centaur CentaurHauls
[    0.000000]   Transmeta GenuineTMx86
[    0.000000]   Transmeta TransmetaCPU
[    0.000000]   UMC UMC UMC UMC
[    0.000000] BIOS-provided physical RAM map:
[    0.000000]  BIOS-e820: 0000000000000000 - 000000000009ec00 (usable)
[    0.000000]  BIOS-e820: 000000000009ec00 - 00000000000a0000 (reserved)
[    0.000000]  BIOS-e820: 00000000000e2000 - 0000000000100000 (reserved)
[    0.000000]  BIOS-e820: 0000000000100000 - 00000000cff90000 (usable)
[    0.000000]  BIOS-e820: 00000000cff90000 - 00000000cffa8000 (ACPI data)
[    0.000000]  BIOS-e820: 00000000cffa8000 - 00000000cffd0000 (ACPI NVS)
[    0.000000]  BIOS-e820: 00000000cffd0000 - 00000000d0000000 (reserved)
[    0.000000]  BIOS-e820: 00000000ffa00000 - 0000000100000000 (reserved)
[    0.000000]  BIOS-e820: 0000000100000000 - 0000000220000000 (usable)
[    0.000000] DMI present.
[    0.000000] AMI BIOS detected: BIOS may corrupt low RAM, working around it.
[    0.000000] e820 update range: 0000000000000000 - 0000000000010000 (usable) ==> (reserved)
[    0.000000] last_pfn = 0x220000 max_arch_pfn = 0x1000000
[    0.000000] MTRR default type: uncachable
[    0.000000] MTRR fixed ranges enabled:
[    0.000000]   00000-9FFFF write-back
[    0.000000]   A0000-EFFFF uncachable
[    0.000000]   F0000-FFFFF write-protect
[    0.000000] MTRR variable ranges enabled:
[    0.000000]   0 base 000000000000 mask FFFF80000000 write-back
[    0.000000]   1 base 000080000000 mask FFFFC0000000 write-back
[    0.000000]   2 base 0000C0000000 mask FFFFF0000000 write-back
[    0.000000]   3 disabled
[    0.000000]   4 disabled
[    0.000000]   5 disabled
[    0.000000]   6 disabled
[    0.000000]   7 disabled
[    0.000000] TOM2: 0000000230000000 aka 8960M
[    0.000000] x86 PAT enabled: cpu 0, old 0x7040600070406, new 0x7010600070106
[    0.000000] e820 update range: 00000000d0000000 - 0000000100000000 (usable) ==> (reserved)
[    0.000000] Scanning 0 areas for low memory corruption
[    0.000000] modified physical RAM map:
[    0.000000]  modified: 0000000000000000 - 0000000000010000 (reserved)
[    0.000000]  modified: 0000000000010000 - 000000000009ec00 (usable)
[    0.000000]  modified: 000000000009ec00 - 00000000000a0000 (reserved)
[    0.000000]  modified: 00000000000e2000 - 0000000000100000 (reserved)
[    0.000000]  modified: 0000000000100000 - 00000000cff90000 (usable)
[    0.000000]  modified: 00000000cff90000 - 00000000cffa8000 (ACPI data)
[    0.000000]  modified: 00000000cffa8000 - 00000000cffd0000 (ACPI NVS)
[    0.000000]  modified: 00000000cffd0000 - 00000000d0000000 (reserved)
[    0.000000]  modified: 00000000ffa00000 - 0000000100000000 (reserved)
[    0.000000]  modified: 0000000100000000 - 0000000220000000 (usable)
[    0.000000] initial memory mapped : 0 - 01c00000
[    0.000000] init_memory_mapping: 0000000000000000-00000000379fe000
[    0.000000] NX (Execute Disable) protection: active
[    0.000000]  0000000000 - 0000200000 page 4k
[    0.000000]  0000200000 - 0037800000 page 2M
[    0.000000]  0037800000 - 00379fe000 page 4k
[    0.000000] kernel direct mapping tables up to 379fe000 @ 10000-16000
[    0.000000] RAMDISK: 36be2000 - 375e8384
[    0.000000] ACPI: RSDP 000fb1a0 00024 (v02 ACPIAM)
[    0.000000] ACPI: XSDT cff90100 0005C (v01 093010 XSDT1359 20100930 MSFT 00000097)
[    0.000000] ACPI: FACP cff90290 000F4 (v03 093010 FACP1359 20100930 MSFT 00000097)
[    0.000000] ACPI Warning: Optional field Pm2ControlBlock has zero address or length: 0000000000000000/1 (20090903/tbfadt-557)
[    0.000000] ACPI: DSDT cff90450 0E895 (v01  A1739 A1739001 00000001 INTL 20060113)
[    0.000000] ACPI: FACS cffa8000 00040
[    0.000000] ACPI: APIC cff90390 0007C (v01 093010 APIC1359 20100930 MSFT 00000097)
[    0.000000] ACPI: MCFG cff90410 0003C (v01 093010 OEMMCFG  20100930 MSFT 00000097)
[    0.000000] ACPI: OEMB cffa8040 00072 (v01 093010 OEMB1359 20100930 MSFT 00000097)
[    0.000000] ACPI: SRAT cff9f8a0 000E8 (v01 AMD    FAM_F_10 00000002 AMD  00000001)
[    0.000000] ACPI: HPET cff9f990 00038 (v01 093010 OEMHPET  20100930 MSFT 00000097)
[    0.000000] ACPI: SSDT cff9f9d0 0088C (v01 A M I  POWERNOW 00000001 AMD  00000001)
[    0.000000] ACPI: Local APIC address 0xfee00000
[    0.000000] 7814MB HIGHMEM available.
[    0.000000] 889MB LOWMEM available.
[    0.000000]   mapped low ram: 0 - 379fe000
[    0.000000]   low ram: 0 - 379fe000
[    0.000000]   node 0 low ram: 00000000 - 379fe000
[    0.000000]   node 0 bootmap 00012000 - 00018f40
[    0.000000] (9 early reservations) ==> bootmem [0000000000 - 00379fe000]
[    0.000000]   #0 [0000000000 - 0000001000]   BIOS data page ==> [0000000000 - 0000001000]
[    0.000000]   #1 [0000001000 - 0000002000]    EX TRAMPOLINE ==> [0000001000 - 0000002000]
[    0.000000]   #2 [0000006000 - 0000007000]       TRAMPOLINE ==> [0000006000 - 0000007000]
[    0.000000]   #3 [0001000000 - 00017d6198]    TEXT DATA BSS ==> [0001000000 - 00017d6198]
[    0.000000]   #4 [0036be2000 - 00375e8384]          RAMDISK ==> [0036be2000 - 00375e8384]
[    0.000000]   #5 [000009ec00 - 0000100000]    BIOS reserved ==> [000009ec00 - 0000100000]
[    0.000000]   #6 [00017d7000 - 00017e529c]              BRK ==> [00017d7000 - 00017e529c]
[    0.000000]   #7 [0000010000 - 0000012000]          PGTABLE ==> [0000010000 - 0000012000]
[    0.000000]   #8 [0000012000 - 0000019000]          BOOTMAP ==> [0000012000 - 0000019000]
[    0.000000] found SMP MP-table at [c00ff780] ff780
[    0.000000] Zone PFN ranges:
[    0.000000]   DMA      0x00000010 -> 0x00001000
[    0.000000]   Normal   0x00001000 -> 0x000379fe
[    0.000000]   HighMem  0x000379fe -> 0x00220000
[    0.000000] Movable zone start PFN for each node
[    0.000000] early_node_map[3] active PFN ranges
[    0.000000]     0: 0x00000010 -> 0x0000009e
[    0.000000]     0: 0x00000100 -> 0x000cff90
[    0.000000]     0: 0x00100000 -> 0x00220000
[    0.000000] On node 0 totalpages: 2031390
[    0.000000] free_area_init_node: node 0, pgdat c1693b00, node_mem_map c17e7200
[    0.000000]   DMA zone: 32 pages used for memmap
[    0.000000]   DMA zone: 0 pages reserved
[    0.000000]   DMA zone: 3950 pages, LIFO batch:0
[    0.000000]   Normal zone: 1748 pages used for memmap
[    0.000000]   Normal zone: 221994 pages, LIFO batch:31
[    0.000000]   HighMem zone: 15629 pages used for memmap
[    0.000000]   HighMem zone: 1788037 pages, LIFO batch:31
[    0.000000] Using APIC driver default
[    0.000000] ACPI: PM-Timer IO Port: 0x808
[    0.000000] ACPI: Local APIC address 0xfee00000
[    0.000000] ACPI: LAPIC (acpi_id[0x01] lapic_id[0x00] enabled)
[    0.000000] ACPI: LAPIC (acpi_id[0x02] lapic_id[0x01] enabled)
[    0.000000] ACPI: LAPIC (acpi_id[0x03] lapic_id[0x02] enabled)
[    0.000000] ACPI: LAPIC (acpi_id[0x04] lapic_id[0x03] enabled)
[    0.000000] ACPI: LAPIC (acpi_id[0x05] lapic_id[0x84] disabled)
[    0.000000] ACPI: LAPIC (acpi_id[0x06] lapic_id[0x85] disabled)
[    0.000000] ACPI: IOAPIC (id[0x04] address[0xfec00000] gsi_base[0])
[    0.000000] IOAPIC[0]: apic_id 4, version 33, address 0xfec00000, GSI 0-23
[    0.000000] ACPI: INT_SRC_OVR (bus 0 bus_irq 0 global_irq 2 dfl dfl)
[    0.000000] ACPI: INT_SRC_OVR (bus 0 bus_irq 9 global_irq 9 low level)
[    0.000000] ACPI: IRQ0 used by override.
[    0.000000] ACPI: IRQ2 used by override.
[    0.000000] ACPI: IRQ9 used by override.
[    0.000000] Using ACPI (MADT) for SMP configuration information
[    0.000000] ACPI: HPET id: 0x8300 base: 0xfed00000
[    0.000000] SMP: Allowing 6 CPUs, 2 hotplug CPUs
[    0.000000] nr_irqs_gsi: 24
[    0.000000] PM: Registered nosave memory: 000000000009e000 - 000000000009f000
[    0.000000] PM: Registered nosave memory: 000000000009f000 - 00000000000a0000
[    0.000000] PM: Registered nosave memory: 00000000000a0000 - 00000000000e2000
[    0.000000] PM: Registered nosave memory: 00000000000e2000 - 0000000000100000
[    0.000000] Allocating PCI resources starting at d0000000 (gap: d0000000:2fa00000)
[    0.000000] NR_CPUS:8 nr_cpumask_bits:8 nr_cpu_ids:6 nr_node_ids:1
[    0.000000] PERCPU: Embedded 14 pages/cpu @c5c00000 s35992 r0 d21352 u262144
[    0.000000] pcpu-alloc: s35992 r0 d21352 u262144 alloc=1*2097152
[    0.000000] pcpu-alloc: [0] 0 1 2 3 4 5 - - 
[    0.000000] Built 1 zonelists in Zone order, mobility grouping on.  Total pages: 2013981
[    0.000000] Kernel command line: BOOT_IMAGE=/boot/vmlinuz-2.6.32.65 root=UUID=464a47dd-046f-422d-be6f-9e7ed4d46a37 ro quiet splash
[    0.000000] PID hash table entries: 4096 (order: 2, 16384 bytes)
[    0.000000] Dentry cache hash table entries: 131072 (order: 7, 524288 bytes)
[    0.000000] Inode-cache hash table entries: 65536 (order: 6, 262144 bytes)
[    0.000000] Enabling fast FPU save and restore... done.
[    0.000000] Enabling unmasked SIMD FPU exception support... done.
[    0.000000] Initializing CPU#0
[    0.000000] Initializing HighMem for node 0 (000379fe:00220000)
[    0.000000] Memory: 8034972k/8912896k available (4530k kernel code, 89212k reserved, 2326k data, 588k init, 7214664k highmem)
[    0.000000] virtual kernel memory layout:
[    0.000000]     fixmap  : 0xfff1f000 - 0xfffff000   ( 896 kB)
[    0.000000]     pkmap   : 0xffa00000 - 0xffc00000   (2048 kB)
[    0.000000]     vmalloc : 0xf81fe000 - 0xff9fe000   ( 120 MB)
[    0.000000]     lowmem  : 0xc0000000 - 0xf79fe000   ( 889 MB)
[    0.000000]       .init : 0xc16b3000 - 0xc1746000   ( 588 kB)
[    0.000000]       .data : 0xc146cb0f - 0xc16b2360   (2326 kB)
[    0.000000]       .text : 0xc1000000 - 0xc146cb0f   (4530 kB)
[    0.000000] Checking if this processor honours the WP bit even in supervisor mode...Ok.
[    0.000000] SLUB: Genslabs=13, HWalign=64, Order=0-3, MinObjects=0, CPUs=6, Nodes=1
[    0.000000] Hierarchical RCU implementation.
[    0.000000] NR_IRQS:2304 nr_irqs:456
[    0.000000] Extended CMOS year: 2000
[    0.000000] spurious 8259A interrupt: IRQ7.
[    0.000000] Console: colour VGA+ 80x25
[    0.000000] console [tty0] enabled
[    0.000000] hpet clockevent registered
[    0.000000] Fast TSC calibration using PIT
[    0.000000] Detected 3200.165 MHz processor.
[    0.004003] Calibrating delay loop (skipped), value calculated using timer frequency.. 6400.33 BogoMIPS (lpj=12800660)
[    0.004016] Security Framework initialized
[    0.004024] SELinux:  Disabled at boot.
[    0.004030] Mount-cache hash table entries: 512
[    0.004111] Initializing cgroup subsys cpuacct
[    0.004114] Initializing cgroup subsys freezer
[    0.004126] CPU: L1 I Cache: 64K (64 bytes/line), D cache 64K (64 bytes/line)
[    0.004128] CPU: L2 Cache: 512K (64 bytes/line)
[    0.004129] CPU: Physical Processor ID: 0
[    0.004130] CPU: Processor Core ID: 0
[    0.004133] mce: CPU supports 6 MCE banks
[    0.004142] Performance Events: AMD PMU driver.
[    0.004145] ... version:                0
[    0.004146] ... bit width:              48
[    0.004148] ... generic registers:      4
[    0.004149] ... value mask:             0000ffffffffffff
[    0.004151] ... max period:             00007fffffffffff
[    0.004152] ... fixed-purpose events:   0
[    0.004154] ... event mask:             000000000000000f
[    0.004156] Checking 'hlt' instruction... OK.
[    0.020292] ACPI: Core revision 20090903
[    0.036007] ftrace: converting mcount calls to 0f 1f 44 00 00
[    0.036010] ftrace: allocating 20983 entries in 42 pages
[    0.040122] Enabling APIC mode:  Flat.  Using 1 I/O APICs
[    0.040411] ..TIMER: vector=0x30 apic1=0 pin1=2 apic2=-1 pin2=-1
[    0.083412] CPU0: AMD Phenom(tm) II X4 955 Processor stepping 03
[    0.084005] Booting processor 1 APIC 0x1 ip 0x6000
[    0.008000] Initializing CPU#1
[    0.008000] CPU: L1 I Cache: 64K (64 bytes/line), D cache 64K (64 bytes/line)
[    0.008000] CPU: L2 Cache: 512K (64 bytes/line)
[    0.008000] CPU: Physical Processor ID: 0
[    0.008000] CPU: Processor Core ID: 1
[    0.168071] CPU1: AMD Phenom(tm) II X4 955 Processor stepping 03
[    0.168076] checking TSC synchronization [CPU#0 -> CPU#1]: passed.
[    0.172052] Booting processor 2 APIC 0x2 ip 0x6000
[    0.008000] Initializing CPU#2
[    0.008000] CPU: L1 I Cache: 64K (64 bytes/line), D cache 64K (64 bytes/line)
[    0.008000] CPU: L2 Cache: 512K (64 bytes/line)
[    0.008000] CPU: Physical Processor ID: 0
[    0.008000] CPU: Processor Core ID: 2
[    0.260083] CPU2: AMD Phenom(tm) II X4 955 Processor stepping 03
[    0.260088] checking TSC synchronization [CPU#0 -> CPU#2]: passed.
[    0.264052] Booting processor 3 APIC 0x3 ip 0x6000
[    0.008000] Initializing CPU#3
[    0.008000] CPU: L1 I Cache: 64K (64 bytes/line), D cache 64K (64 bytes/line)
[    0.008000] CPU: L2 Cache: 512K (64 bytes/line)
[    0.008000] CPU: Physical Processor ID: 0
[    0.008000] CPU: Processor Core ID: 3
[    0.352104] CPU3: AMD Phenom(tm) II X4 955 Processor stepping 03
[    0.352109] checking TSC synchronization [CPU#0 -> CPU#3]: passed.
[    0.356030] Brought up 4 CPUs
[    0.356031] Total of 4 processors activated (25600.46 BogoMIPS).
[    0.358223] CPU0 attaching sched-domain:
[    0.358227]  domain 0: span 0-3 level MC
[    0.358228]   groups: 0 1 2 3
[    0.358233] CPU1 attaching sched-domain:
[    0.358234]  domain 0: span 0-3 level MC
[    0.358235]   groups: 1 2 3 0
[    0.358238] CPU2 attaching sched-domain:
[    0.358239]  domain 0: span 0-3 level MC
[    0.358241]   groups: 2 3 0 1
[    0.358243] CPU3 attaching sched-domain:
[    0.358244]  domain 0: span 0-3 level MC
[    0.358245]   groups: 3 0 1 2
[    0.358275] devtmpfs: initialized
[    0.358275] regulator: core version 0.5
[    0.358275] NET: Registered protocol family 16
[    0.358275] EISA bus registered
[    0.358275] ACPI: bus type pci registered
[    0.358275] PCI: MCFG configuration 0: base e0000000 segment 0 buses 0 - 255
[    0.358275] PCI: Not using MMCONFIG.
[    0.360265] PCI: PCI BIOS revision 3.00 entry at 0xf0031, last bus=3
[    0.360267] PCI: Using configuration type 1 for base access
[    0.360268] PCI: Using configuration type 1 for extended access
[    0.360286] mtrr: your CPUs had inconsistent variable MTRR settings
[    0.360287] mtrr: probably your BIOS does not setup all CPUs.
[    0.360288] mtrr: corrected configuration.
[    0.360627] bio: create slab <bio-0> at 0
[    0.360627] ACPI: EC: Look up EC in DSDT
[    0.362968] ACPI Error (psargs-0359): [ECEN] Namespace lookup failure, AE_NOT_FOUND
[    0.362972] ACPI Error (psparse-0537): Method parse/execution failed [\] (Node c17c9d9c), AE_NOT_FOUND
[    0.363042] ACPI Error (dswload-0781): [PRID] Namespace lookup failure, AE_ALREADY_EXISTS
[    0.363045] ACPI Exception: AE_ALREADY_EXISTS, During name lookup/catalog (20090903/psloop-230)
[    0.363048] ACPI Error (psparse-0537): Method parse/execution failed [\] (Node c17c9d9c), AE_ALREADY_EXISTS
[    0.363051] ACPI: Marking method \___ as Serialized because of AE_ALREADY_EXISTS error
[    0.363086] ACPI: Executed 3 blocks of module-level executable AML code
[    0.465807] ACPI: Interpreter enabled
[    0.465810] ACPI: (supports S0 S1 S3 S4 S5)
[    0.465828] ACPI: Using IOAPIC for interrupt routing
[    0.465869] PCI: MCFG configuration 0: base e0000000 segment 0 buses 0 - 255
[    0.470862] PCI: MCFG area at e0000000 reserved in ACPI motherboard resources
[    0.470864] PCI: Using MMCONFIG for extended config space
[    0.476540] ACPI Warning: Incorrect checksum in table [OEMB] - 2C, should be 27 (20090903/tbutils-314)
[    0.476640] ACPI: No dock devices found.
[    0.476756] ACPI: PCI Root Bridge [PCI0] (0000:00)
[    0.476875] pci 0000:00:0a.0: PME# supported from D0 D3hot D3cold
[    0.476877] pci 0000:00:0a.0: PME# disabled
[    0.476920] pci 0000:00:11.0: reg 10 io port: [0xb000-0xb007]
[    0.476926] pci 0000:00:11.0: reg 14 io port: [0xa000-0xa003]
[    0.476932] pci 0000:00:11.0: reg 18 io port: [0x9000-0x9007]
[    0.476938] pci 0000:00:11.0: reg 1c io port: [0x8000-0x8003]
[    0.476944] pci 0000:00:11.0: reg 20 io port: [0x7000-0x700f]
[    0.476949] pci 0000:00:11.0: reg 24 32bit mmio: [0xfe7ffc00-0xfe7fffff]
[    0.476965] pci 0000:00:11.0: set SATA to AHCI mode
[    0.477017] pci 0000:00:12.0: reg 10 32bit mmio: [0xfe7fe000-0xfe7fefff]
[    0.477067] pci 0000:00:12.1: reg 10 32bit mmio: [0xfe7fd000-0xfe7fdfff]
[    0.477133] pci 0000:00:12.2: reg 10 32bit mmio: [0xfe7ff800-0xfe7ff8ff]
[    0.477192] pci 0000:00:12.2: supports D1 D2
[    0.477193] pci 0000:00:12.2: PME# supported from D0 D1 D2 D3hot
[    0.477197] pci 0000:00:12.2: PME# disabled
[    0.477224] pci 0000:00:13.0: reg 10 32bit mmio: [0xfe7fc000-0xfe7fcfff]
[    0.477274] pci 0000:00:13.1: reg 10 32bit mmio: [0xfe7fb000-0xfe7fbfff]
[    0.477340] pci 0000:00:13.2: reg 10 32bit mmio: [0xfe7ff400-0xfe7ff4ff]
[    0.477398] pci 0000:00:13.2: supports D1 D2
[    0.477400] pci 0000:00:13.2: PME# supported from D0 D1 D2 D3hot
[    0.477403] pci 0000:00:13.2: PME# disabled
[    0.477514] pci 0000:00:14.1: reg 10 io port: [0x00-0x07]
[    0.477519] pci 0000:00:14.1: reg 14 io port: [0x00-0x03]
[    0.477525] pci 0000:00:14.1: reg 18 io port: [0x00-0x07]
[    0.477530] pci 0000:00:14.1: reg 1c io port: [0x00-0x03]
[    0.477536] pci 0000:00:14.1: reg 20 io port: [0xff00-0xff0f]
[    0.477603] pci 0000:00:14.2: reg 10 64bit mmio: [0xfe7f4000-0xfe7f7fff]
[    0.477650] pci 0000:00:14.2: PME# supported from D0 D3hot D3cold
[    0.477653] pci 0000:00:14.2: PME# disabled
[    0.477749] pci 0000:00:14.5: reg 10 32bit mmio: [0xfe7fa000-0xfe7fafff]
[    0.477865] pci 0000:01:05.0: reg 10 32bit mmio pref: [0xd0000000-0xdfffffff]
[    0.477868] pci 0000:01:05.0: reg 14 io port: [0xc000-0xc0ff]
[    0.477871] pci 0000:01:05.0: reg 18 32bit mmio: [0xfe9f0000-0xfe9fffff]
[    0.477876] pci 0000:01:05.0: reg 24 32bit mmio: [0xfe800000-0xfe8fffff]
[    0.477890] pci 0000:01:05.0: supports D1 D2
[    0.477903] pci 0000:01:05.1: reg 10 32bit mmio: [0xfe9e8000-0xfe9ebfff]
[    0.477923] pci 0000:01:05.1: supports D1 D2
[    0.477957] pci 0000:00:01.0: bridge io port: [0xc000-0xcfff]
[    0.477959] pci 0000:00:01.0: bridge 32bit mmio: [0xfe800000-0xfe9fffff]
[    0.477962] pci 0000:00:01.0: bridge 64bit mmio pref: [0xd0000000-0xdfffffff]
[    0.477991] pci 0000:02:00.0: reg 10 io port: [0xd800-0xd8ff]
[    0.478005] pci 0000:02:00.0: reg 18 64bit mmio pref: [0xfdfff000-0xfdffffff]
[    0.478014] pci 0000:02:00.0: reg 20 64bit mmio pref: [0xfdff8000-0xfdffbfff]
[    0.478019] pci 0000:02:00.0: reg 30 32bit mmio pref: [0xfeaf0000-0xfeafffff]
[    0.478063] pci 0000:02:00.0: supports D1 D2
[    0.478064] pci 0000:02:00.0: PME# supported from D0 D1 D2 D3hot D3cold
[    0.478067] pci 0000:02:00.0: PME# disabled
[    0.478119] pci 0000:00:0a.0: bridge io port: [0xd000-0xdfff]
[    0.478121] pci 0000:00:0a.0: bridge 32bit mmio: [0xfea00000-0xfeafffff]
[    0.478124] pci 0000:00:0a.0: bridge 64bit mmio pref: [0xfdf00000-0xfdffffff]
[    0.478168] pci 0000:03:05.0: reg 10 io port: [0xe800-0xe8ff]
[    0.478176] pci 0000:03:05.0: reg 14 32bit mmio: [0xfebffc00-0xfebffcff]
[    0.478206] pci 0000:03:05.0: reg 30 32bit mmio pref: [0xfebc0000-0xfebdffff]
[    0.478239] pci 0000:03:05.0: supports D1 D2
[    0.478241] pci 0000:03:05.0: PME# supported from D1 D2 D3hot
[    0.478245] pci 0000:03:05.0: PME# disabled
[    0.478288] pci 0000:00:14.4: transparent bridge
[    0.478292] pci 0000:00:14.4: bridge io port: [0xe000-0xefff]
[    0.478295] pci 0000:00:14.4: bridge 32bit mmio: [0xfeb00000-0xfebfffff]
[    0.478307] pci_bus 0000:00: on NUMA node 0
[    0.478310] ACPI: PCI Interrupt Routing Table [\_SB_.PCI0._PRT]
[    0.478424] ACPI: PCI Interrupt Routing Table [\_SB_.PCI0.P0P1._PRT]
[    0.478481] ACPI: PCI Interrupt Routing Table [\_SB_.PCI0.PCEA._PRT]
[    0.478529] ACPI: PCI Interrupt Routing Table [\_SB_.PCI0.P0PC._PRT]
[    0.481453] ACPI: PCI Interrupt Link [LNKA] (IRQs 4 7 *10 11 12 14 15)
[    0.481540] ACPI: PCI Interrupt Link [LNKB] (IRQs 4 7 10 *11 12 14 15)
[    0.481625] ACPI: PCI Interrupt Link [LNKC] (IRQs 4 7 *10 11 12 14 15)
[    0.481710] ACPI: PCI Interrupt Link [LNKD] (IRQs 4 7 *10 11 12 14 15)
[    0.481796] ACPI: PCI Interrupt Link [LNKE] (IRQs 4 7 *10 11 12 14 15)
[    0.481881] ACPI: PCI Interrupt Link [LNKF] (IRQs 4 7 10 11 12 14 15) *0, disabled.
[    0.481966] ACPI: PCI Interrupt Link [LNKG] (IRQs 4 7 10 *11 12 14 15)
[    0.482052] ACPI: PCI Interrupt Link [LNKH] (IRQs 4 7 10 11 12 14 15) *0, disabled.
[    0.482115] vgaarb: device added: PCI:0000:01:05.0,decodes=io+mem,owns=io+mem,locks=none
[    0.482118] vgaarb: loaded
[    0.482186] SCSI subsystem initialized
[    0.482199] libata version 3.00 loaded.
[    0.482199] usbcore: registered new interface driver usbfs
[    0.482199] usbcore: registered new interface driver hub
[    0.482199] usbcore: registered new device driver usb
[    0.482199] PCI: Using ACPI for IRQ routing
[    0.482199] NetLabel: Initializing
[    0.482199] NetLabel:  domain hash size = 128
[    0.482199] NetLabel:  protocols = UNLABELED CIPSOv4
[    0.482199] NetLabel:  unlabeled traffic allowed by default
[    0.482199] hpet0: at MMIO 0xfed00000, IRQs 2, 8, 0, 0
[    0.482199] hpet0: 4 comparators, 32-bit 14.318180 MHz counter
[    0.484046] Switching to clocksource tsc
[    0.489728] pnp: PnP ACPI init
[    0.489735] ACPI: bus type pnp registered
[    0.493702] pnp: PnP ACPI: found 14 devices
[    0.493704] ACPI: ACPI bus type pnp unregistered
[    0.493713] system 00:09: iomem range 0xfec00000-0xfec00fff could not be reserved
[    0.493715] system 00:09: iomem range 0xfee00000-0xfee00fff has been reserved
[    0.493718] system 00:0a: ioport range 0x4d0-0x4d1 has been reserved
[    0.493720] system 00:0a: ioport range 0x40b-0x40b has been reserved
[    0.493722] system 00:0a: ioport range 0x4d6-0x4d6 has been reserved
[    0.493724] system 00:0a: ioport range 0xc00-0xc01 has been reserved
[    0.493725] system 00:0a: ioport range 0xc14-0xc14 has been reserved
[    0.493727] system 00:0a: ioport range 0xc50-0xc51 has been reserved
[    0.493729] system 00:0a: ioport range 0xc52-0xc52 has been reserved
[    0.493731] system 00:0a: ioport range 0xc6c-0xc6c has been reserved
[    0.493732] system 00:0a: ioport range 0xc6f-0xc6f has been reserved
[    0.493734] system 00:0a: ioport range 0xcd0-0xcd1 has been reserved
[    0.493736] system 00:0a: ioport range 0xcd2-0xcd3 has been reserved
[    0.493738] system 00:0a: ioport range 0xcd4-0xcd5 has been reserved
[    0.493739] system 00:0a: ioport range 0xcd6-0xcd7 has been reserved
[    0.493741] system 00:0a: ioport range 0xcd8-0xcdf has been reserved
[    0.493743] system 00:0a: ioport range 0xb00-0xb3f has been reserved
[    0.493745] system 00:0a: ioport range 0x800-0x89f has been reserved
[    0.493747] system 00:0a: ioport range 0xb00-0xb0f has been reserved
[    0.493748] system 00:0a: ioport range 0xb20-0xb3f has been reserved
[    0.493750] system 00:0a: ioport range 0x900-0x90f has been reserved
[    0.493752] system 00:0a: ioport range 0x910-0x91f has been reserved
[    0.493754] system 00:0a: ioport range 0xfe00-0xfefe has been reserved
[    0.493756] system 00:0a: iomem range 0xffb80000-0xffbfffff has been reserved
[    0.493758] system 00:0a: iomem range 0xfec10000-0xfec1001f has been reserved
[    0.493760] system 00:0a: iomem range 0xfed40000-0xfed44fff has been reserved
[    0.493764] system 00:0b: ioport range 0x230-0x23f has been reserved
[    0.493765] system 00:0b: ioport range 0x290-0x29f has been reserved
[    0.493767] system 00:0b: ioport range 0x300-0x30f has been reserved
[    0.493769] system 00:0b: ioport range 0xa30-0xa3f has been reserved
[    0.493772] system 00:0c: iomem range 0xe0000000-0xefffffff has been reserved
[    0.493775] system 00:0d: iomem range 0x0-0x9ffff could not be reserved
[    0.493777] system 00:0d: iomem range 0xc0000-0xcffff could not be reserved
[    0.493779] system 00:0d: iomem range 0xe0000-0xfffff could not be reserved
[    0.493781] system 00:0d: iomem range 0x100000-0xcfffffff could not be reserved
[    0.493783] system 00:0d: iomem range 0xfec00000-0xffffffff could not be reserved
[    0.528389] pci 0000:00:01.0: PCI bridge, secondary bus 0000:01
[    0.528391] pci 0000:00:01.0:   IO window: 0xc000-0xcfff
[    0.528393] pci 0000:00:01.0:   MEM window: 0xfe800000-0xfe9fffff
[    0.528396] pci 0000:00:01.0:   PREFETCH window: 0x000000d0000000-0x000000dfffffff
[    0.528399] pci 0000:00:0a.0: PCI bridge, secondary bus 0000:02
[    0.528401] pci 0000:00:0a.0:   IO window: 0xd000-0xdfff
[    0.528403] pci 0000:00:0a.0:   MEM window: 0xfea00000-0xfeafffff
[    0.528405] pci 0000:00:0a.0:   PREFETCH window: 0x000000fdf00000-0x000000fdffffff
[    0.528408] pci 0000:00:14.4: PCI bridge, secondary bus 0000:03
[    0.528410] pci 0000:00:14.4:   IO window: 0xe000-0xefff
[    0.528415] pci 0000:00:14.4:   MEM window: 0xfeb00000-0xfebfffff
[    0.528418] pci 0000:00:14.4:   PREFETCH window: disabled
[    0.528429]   alloc irq_desc for 18 on node -1
[    0.528430]   alloc kstat_irqs on node -1
[    0.528434] pci 0000:00:0a.0: PCI INT A -> GSI 18 (level, low) -> IRQ 18
[    0.528436] pci 0000:00:0a.0: setting latency timer to 64
[    0.528442] pci_bus 0000:00: resource 0 io:  [0x00-0xffff]
[    0.528444] pci_bus 0000:00: resource 1 mem: [0x000000-0xffffffffffffffff]
[    0.528445] pci_bus 0000:01: resource 0 io:  [0xc000-0xcfff]
[    0.528447] pci_bus 0000:01: resource 1 mem: [0xfe800000-0xfe9fffff]
[    0.528449] pci_bus 0000:01: resource 2 pref mem [0xd0000000-0xdfffffff]
[    0.528450] pci_bus 0000:02: resource 0 io:  [0xd000-0xdfff]
[    0.528452] pci_bus 0000:02: resource 1 mem: [0xfea00000-0xfeafffff]
[    0.528454] pci_bus 0000:02: resource 2 pref mem [0xfdf00000-0xfdffffff]
[    0.528455] pci_bus 0000:03: resource 0 io:  [0xe000-0xefff]
[    0.528457] pci_bus 0000:03: resource 1 mem: [0xfeb00000-0xfebfffff]
[    0.528458] pci_bus 0000:03: resource 3 io:  [0x00-0xffff]
[    0.528460] pci_bus 0000:03: resource 4 mem: [0x000000-0xffffffffffffffff]
[    0.528469] NET: Registered protocol family 2
[    0.528488] IP route cache hash table entries: 32768 (order: 5, 131072 bytes)
[    0.528541] TCP established hash table entries: 131072 (order: 8, 1048576 bytes)
[    0.528872] TCP bind hash table entries: 65536 (order: 7, 524288 bytes)
[    0.529041] TCP: Hash tables configured (established 131072 bind 65536)
[    0.529043] TCP reno registered
[    0.529076] NET: Registered protocol family 1
[    0.529088]   alloc irq_desc for 16 on node -1
[    0.529089]   alloc kstat_irqs on node -1
[    0.529092] pci 0000:00:12.0: PCI INT A -> GSI 16 (level, low) -> IRQ 16
[    1.179358] pci 0000:00:12.0: PCI INT A disabled
[    1.179365] pci 0000:00:12.1: PCI INT A -> GSI 16 (level, low) -> IRQ 16
[    1.203358] pci 0000:00:12.1: PCI INT A disabled
[    1.203368]   alloc irq_desc for 17 on node -1
[    1.203369]   alloc kstat_irqs on node -1
[    1.203372] pci 0000:00:12.2: PCI INT B -> GSI 17 (level, low) -> IRQ 17
[    1.203388] pci 0000:00:12.2: PCI INT B disabled
[    1.203392] pci 0000:00:13.0: PCI INT A -> GSI 18 (level, low) -> IRQ 18
[    1.227355] pci 0000:00:13.0: PCI INT A disabled
[    1.227362] pci 0000:00:13.1: PCI INT A -> GSI 18 (level, low) -> IRQ 18
[    1.251354] pci 0000:00:13.1: PCI INT A disabled
[    1.251364]   alloc irq_desc for 19 on node -1
[    1.251366]   alloc kstat_irqs on node -1
[    1.251369] pci 0000:00:13.2: PCI INT B -> GSI 19 (level, low) -> IRQ 19
[    1.251382] pci 0000:00:13.2: PCI INT B disabled
[    1.251388] pci 0000:00:14.5: PCI INT C -> GSI 18 (level, low) -> IRQ 18
[    1.275351] pci 0000:00:14.5: PCI INT C disabled
[    1.275359] pci 0000:01:05.0: Boot video device
[    1.275388] Trying to unpack rootfs image as initramfs...
[    1.427037] Freeing initrd memory: 10264k freed
[    1.429627] microcode: CPU0: patch_level=0x10000b6
[    1.429640] microcode: CPU1: patch_level=0x10000b6
[    1.429646] microcode: CPU2: patch_level=0x10000b6
[    1.429653] microcode: CPU3: patch_level=0x10000b6
[    1.429662] Microcode Update Driver: v2.00 <tigran@aivazian.fsnet.co.uk>, Peter Oruba
[    1.429664] Scanning for low memory corruption every 60 seconds
[    1.429733] audit: initializing netlink socket (disabled)
[    1.429741] type=2000 audit(1426745915.427:1): initialized
[    1.435532] highmem bounce pool size: 64 pages
[    1.435535] HugeTLB registered 2 MB page size, pre-allocated 0 pages
[    1.436356] VFS: Disk quotas dquot_6.5.2
[    1.436378] Dquot-cache hash table entries: 1024 (order 0, 4096 bytes)
[    1.436591] fuse init (API version 7.13)
[    1.436639] msgmni has been set to 1624
[    1.437000] alg: comp: Compression test 1 failed for lzo-generic: output len = 57
[    1.437053] alg: No test for stdrng (krng)
[    1.437084] Block layer SCSI generic (bsg) driver version 0.4 loaded (major 253)
[    1.437086] io scheduler noop registered
[    1.437088] io scheduler anticipatory registered
[    1.437089] io scheduler deadline registered (default)
[    1.437110] io scheduler cfq registered
[    1.437213]   alloc irq_desc for 24 on node -1
[    1.437214]   alloc kstat_irqs on node -1
[    1.437220] pcieport 0000:00:0a.0: irq 24 for MSI/MSI-X
[    1.437224] pcieport 0000:00:0a.0: setting latency timer to 64
[    1.437263] pci_hotplug: PCI Hot Plug PCI Core version: 0.5
[    1.437276] pciehp: PCI Express Hot Plug Controller Driver version: 0.4
[    1.437277] acpiphp: ACPI Hot Plug PCI Controller Driver version: 0.5
[    1.437523] input: Power Button as /devices/LNXSYSTM:00/LNXSYBUS:00/PNP0C0C:00/input/input0
[    1.437526] ACPI: Power Button [PWRB]
[    1.437551] input: Power Button as /devices/LNXSYSTM:00/LNXPWRBN:00/input/input1
[    1.437552] ACPI: Power Button [PWRF]
[    1.438022] processor LNXCPU:00: registered as cooling_device0
[    1.438293] processor LNXCPU:01: registered as cooling_device1
[    1.438563] processor LNXCPU:02: registered as cooling_device2
[    1.438833] processor LNXCPU:03: registered as cooling_device3
[    1.441383] isapnp: Scanning for PnP cards...
[    1.795139] isapnp: No Plug & Play device found
[    1.795838] Linux agpgart interface v0.103
[    1.796018] Serial: 8250/16550 driver, 32 ports, IRQ sharing enabled
[    1.796114] serial8250: ttyS0 at I/O 0x3f8 (irq = 4) is a 16550A
[    1.796615] 00:08: ttyS0 at I/O 0x3f8 (irq = 4) is a 16550A
[    1.797182] brd: module loaded
[    1.797427] loop: module loaded
[    1.797486] PPP generic driver version 2.4.2
[    1.797502] tun: Universal TUN/TAP device driver, 1.6
[    1.797503] tun: (C) 1999-2004 Max Krasnyansky <maxk@qualcomm.com>
[    1.797519] ehci_hcd: USB 2.0 'Enhanced' Host Controller (EHCI) Driver
[    1.797529] ehci_hcd 0000:00:12.2: PCI INT B -> GSI 17 (level, low) -> IRQ 17
[    1.797540] ehci_hcd 0000:00:12.2: EHCI Host Controller
[    1.797544] ehci_hcd 0000:00:12.2: new USB bus registered, assigned bus number 1
[    1.797568] ehci_hcd 0000:00:12.2: debug port 1
[    1.797584] ehci_hcd 0000:00:12.2: irq 17, io mem 0xfe7ff800
[    1.812017] ehci_hcd 0000:00:12.2: USB 2.0 started, EHCI 1.00
[    1.812032] usb usb1: New USB device found, idVendor=1d6b, idProduct=0002
[    1.812034] usb usb1: New USB device strings: Mfr=3, Product=2, SerialNumber=1
[    1.812035] usb usb1: Product: EHCI Host Controller
[    1.812037] usb usb1: Manufacturer: Linux 2.6.32.65 ehci_hcd
[    1.812038] usb usb1: SerialNumber: 0000:00:12.2
[    1.812085] usb usb1: configuration #1 chosen from 1 choice
[    1.812102] hub 1-0:1.0: USB hub found
[    1.812106] hub 1-0:1.0: 6 ports detected
[    1.812156] ehci_hcd 0000:00:13.2: PCI INT B -> GSI 19 (level, low) -> IRQ 19
[    1.812167] ehci_hcd 0000:00:13.2: EHCI Host Controller
[    1.812171] ehci_hcd 0000:00:13.2: new USB bus registered, assigned bus number 2
[    1.812192] ehci_hcd 0000:00:13.2: debug port 1
[    1.812208] ehci_hcd 0000:00:13.2: irq 19, io mem 0xfe7ff400
[    1.824016] ehci_hcd 0000:00:13.2: USB 2.0 started, EHCI 1.00
[    1.824035] usb usb2: New USB device found, idVendor=1d6b, idProduct=0002
[    1.824036] usb usb2: New USB device strings: Mfr=3, Product=2, SerialNumber=1
[    1.824038] usb usb2: Product: EHCI Host Controller
[    1.824039] usb usb2: Manufacturer: Linux 2.6.32.65 ehci_hcd
[    1.824040] usb usb2: SerialNumber: 0000:00:13.2
[    1.824082] usb usb2: configuration #1 chosen from 1 choice
[    1.824096] hub 2-0:1.0: USB hub found
[    1.824100] hub 2-0:1.0: 6 ports detected
[    1.824151] ohci_hcd: USB 1.1 'Open' Host Controller (OHCI) Driver
[    1.824160] ohci_hcd 0000:00:12.0: PCI INT A -> GSI 16 (level, low) -> IRQ 16
[    1.824170] ohci_hcd 0000:00:12.0: OHCI Host Controller
[    1.824173] ohci_hcd 0000:00:12.0: new USB bus registered, assigned bus number 3
[    1.824191] ohci_hcd 0000:00:12.0: irq 16, io mem 0xfe7fe000
[    1.884009] usb usb3: New USB device found, idVendor=1d6b, idProduct=0001
[    1.884011] usb usb3: New USB device strings: Mfr=3, Product=2, SerialNumber=1
[    1.884013] usb usb3: Product: OHCI Host Controller
[    1.884014] usb usb3: Manufacturer: Linux 2.6.32.65 ohci_hcd
[    1.884015] usb usb3: SerialNumber: 0000:00:12.0
[    1.884056] usb usb3: configuration #1 chosen from 1 choice
[    1.884071] hub 3-0:1.0: USB hub found
[    1.884077] hub 3-0:1.0: 3 ports detected
[    1.884116] ohci_hcd 0000:00:12.1: PCI INT A -> GSI 16 (level, low) -> IRQ 16
[    1.884126] ohci_hcd 0000:00:12.1: OHCI Host Controller
[    1.884129] ohci_hcd 0000:00:12.1: new USB bus registered, assigned bus number 4
[    1.884142] ohci_hcd 0000:00:12.1: irq 16, io mem 0xfe7fd000
[    1.940014] usb usb4: New USB device found, idVendor=1d6b, idProduct=0001
[    1.940016] usb usb4: New USB device strings: Mfr=3, Product=2, SerialNumber=1
[    1.940018] usb usb4: Product: OHCI Host Controller
[    1.940019] usb usb4: Manufacturer: Linux 2.6.32.65 ohci_hcd
[    1.940020] usb usb4: SerialNumber: 0000:00:12.1
[    1.940061] usb usb4: configuration #1 chosen from 1 choice
[    1.940075] hub 4-0:1.0: USB hub found
[    1.940082] hub 4-0:1.0: 3 ports detected
[    1.940122] ohci_hcd 0000:00:13.0: PCI INT A -> GSI 18 (level, low) -> IRQ 18
[    1.940132] ohci_hcd 0000:00:13.0: OHCI Host Controller
[    1.940136] ohci_hcd 0000:00:13.0: new USB bus registered, assigned bus number 5
[    1.940154] ohci_hcd 0000:00:13.0: irq 18, io mem 0xfe7fc000
[    2.000013] usb usb5: New USB device found, idVendor=1d6b, idProduct=0001
[    2.000015] usb usb5: New USB device strings: Mfr=3, Product=2, SerialNumber=1
[    2.000016] usb usb5: Product: OHCI Host Controller
[    2.000018] usb usb5: Manufacturer: Linux 2.6.32.65 ohci_hcd
[    2.000019] usb usb5: SerialNumber: 0000:00:13.0
[    2.000060] usb usb5: configuration #1 chosen from 1 choice
[    2.000074] hub 5-0:1.0: USB hub found
[    2.000080] hub 5-0:1.0: 3 ports detected
[    2.000120] ohci_hcd 0000:00:13.1: PCI INT A -> GSI 18 (level, low) -> IRQ 18
[    2.000130] ohci_hcd 0000:00:13.1: OHCI Host Controller
[    2.000133] ohci_hcd 0000:00:13.1: new USB bus registered, assigned bus number 6
[    2.000146] ohci_hcd 0000:00:13.1: irq 18, io mem 0xfe7fb000
[    2.060013] usb usb6: New USB device found, idVendor=1d6b, idProduct=0001
[    2.060015] usb usb6: New USB device strings: Mfr=3, Product=2, SerialNumber=1
[    2.060017] usb usb6: Product: OHCI Host Controller
[    2.060018] usb usb6: Manufacturer: Linux 2.6.32.65 ohci_hcd
[    2.060019] usb usb6: SerialNumber: 0000:00:13.1
[    2.060061] usb usb6: configuration #1 chosen from 1 choice
[    2.060075] hub 6-0:1.0: USB hub found
[    2.060081] hub 6-0:1.0: 3 ports detected
[    2.060122] ohci_hcd 0000:00:14.5: PCI INT C -> GSI 18 (level, low) -> IRQ 18
[    2.060132] ohci_hcd 0000:00:14.5: OHCI Host Controller
[    2.060135] ohci_hcd 0000:00:14.5: new USB bus registered, assigned bus number 7
[    2.060148] ohci_hcd 0000:00:14.5: irq 18, io mem 0xfe7fa000
[    2.120013] usb usb7: New USB device found, idVendor=1d6b, idProduct=0001
[    2.120015] usb usb7: New USB device strings: Mfr=3, Product=2, SerialNumber=1
[    2.120016] usb usb7: Product: OHCI Host Controller
[    2.120017] usb usb7: Manufacturer: Linux 2.6.32.65 ohci_hcd
[    2.120019] usb usb7: SerialNumber: 0000:00:14.5
[    2.120063] usb usb7: configuration #1 chosen from 1 choice
[    2.120077] hub 7-0:1.0: USB hub found
[    2.120083] hub 7-0:1.0: 2 ports detected
[    2.120123] uhci_hcd: USB Universal Host Controller Interface driver
[    2.120162] PNP: No PS/2 controller found. Probing ports directly.
[    2.120513] serio: i8042 KBD port at 0x60,0x64 irq 1
[    2.120527] serio: i8042 AUX port at 0x60,0x64 irq 12
[    2.120586] mice: PS/2 mouse device common for all mice
[    2.120644] rtc_cmos 00:03: RTC can wake from S4
[    2.120663] rtc_cmos 00:03: rtc core: registered rtc_cmos as rtc0
[    2.120684] rtc0: alarms up to one month, y3k, 114 bytes nvram, hpet irqs
[    2.120789] device-mapper: ioctl: 4.15.0-ioctl (2009-04-01) initialised: dm-devel@redhat.com
[    2.120810] EISA: Probing bus 0 at eisa.0
[    2.120835] Cannot allocate resource for EISA slot 7
[    2.120837] Cannot allocate resource for EISA slot 8
[    2.120838] EISA: Detected 0 cards.
[    2.120959] cpuidle: using governor ladder
[    2.120960] cpuidle: using governor menu
[    2.120998] TCP cubic registered
[    2.121085] NET: Registered protocol family 10
[    2.121195] NET: Registered protocol family 17
[    2.121209] powernow-k8: Found 1 AMD Phenom(tm) II X4 955 Processor processors (4 cpu cores) (version 2.20.00)
[    2.121234] powernow-k8:    0 : pstate 0 (3200 MHz)
[    2.121235] powernow-k8:    1 : pstate 1 (2500 MHz)
[    2.121236] powernow-k8:    2 : pstate 2 (2000 MHz)
[    2.121237] powernow-k8:    3 : pstate 3 (800 MHz)
[    2.121694] Using IPI No-Shortcut mode
[    2.121731] PM: Resume from disk failed.
[    2.121737] registered taskstats version 1
[    2.121754] No TPM chip found, activating TPM-bypass!
[    2.122019] rtc_cmos 00:03: setting system clock to 2015-03-19 06:18:36 UTC (1426745916)
[    2.122021] BIOS EDD facility v0.16 2004-Jun-25, 0 devices found
[    2.122023] EDD information not available.
[    2.122060] Freeing unused kernel memory: 588k freed
[    2.122196] Write protecting the kernel text: 4532k
[    2.122228] Write protecting the kernel read-only data: 1912k
[    2.130555] <30>systemd-udevd[103]: starting version 208
[    2.142010] r8169 Gigabit Ethernet driver 2.3LK-NAPI loaded
[    2.142024] r8169 0000:02:00.0: PCI INT A -> GSI 18 (level, low) -> IRQ 18
[    2.142051] r8169 0000:02:00.0: setting latency timer to 64
[    2.142080]   alloc irq_desc for 25 on node -1
[    2.142081]   alloc kstat_irqs on node -1
[    2.142090] r8169 0000:02:00.0: irq 25 for MSI/MSI-X
[    2.142182] eth0: RTL8168d/8111d at 0xf8298000, 20:cf:30:c2:70:c7, XID 083000c0 IRQ 25
[    2.144275] ahci 0000:00:11.0: version 3.0
[    2.144289]   alloc irq_desc for 22 on node -1
[    2.144290]   alloc kstat_irqs on node -1
[    2.144296] ahci 0000:00:11.0: PCI INT A -> GSI 22 (level, low) -> IRQ 22
[    2.144388] ahci 0000:00:11.0: AHCI 0001.0100 32 slots 4 ports 3 Gbps 0xf impl SATA mode
[    2.144390] ahci 0000:00:11.0: flags: 64bit ncq sntf ilck pm led clo pmp pio slum part ccc 
[    2.144592] scsi0 : ahci
[    2.144658] scsi1 : ahci
[    2.144689] scsi2 : ahci
[    2.144719] scsi3 : ahci
[    2.144743] ata1: SATA max UDMA/133 abar m1024@0xfe7ffc00 port 0xfe7ffd00 irq 22
[    2.144746] ata2: SATA max UDMA/133 abar m1024@0xfe7ffc00 port 0xfe7ffd80 irq 22
[    2.144749] ata3: SATA max UDMA/133 abar m1024@0xfe7ffc00 port 0xfe7ffe00 irq 22
[    2.144751] ata4: SATA max UDMA/133 abar m1024@0xfe7ffc00 port 0xfe7ffe80 irq 22
[    2.145115] pata_atiixp 0000:00:14.1: PCI INT A -> GSI 16 (level, low) -> IRQ 16
[    2.145135] pata_atiixp 0000:00:14.1: setting latency timer to 64
[    2.145185] scsi4 : pata_atiixp
[    2.145229] scsi5 : pata_atiixp
[    2.146138] ata5: PATA max UDMA/100 cmd 0x1f0 ctl 0x3f6 bmdma 0xff00 irq 14
[    2.146140] ata6: PATA max UDMA/100 cmd 0x170 ctl 0x376 bmdma 0xff08 irq 15
[    2.186390] r8169 Gigabit Ethernet driver 2.3LK-NAPI loaded
[    2.186400]   alloc irq_desc for 20 on node -1
[    2.186401]   alloc kstat_irqs on node -1
[    2.186404] r8169 0000:03:05.0: PCI INT A -> GSI 20 (level, low) -> IRQ 20
[    2.186421] r8169 0000:03:05.0: no PCI Express capability
[    2.186508] eth1: RTL8169sb/8110sb at 0xf82f6c00, 64:e5:99:f3:05:19, XID 10000000 IRQ 20
[    2.328018] usb 5-2: new low speed USB device using ohci_hcd and address 2
[    2.465034] ata3: SATA link down (SStatus 0 SControl 300)
[    2.465060] ata4: SATA link down (SStatus 0 SControl 300)
[    2.465084] ata2: SATA link down (SStatus 0 SControl 300)
[    2.484014] usb 5-2: New USB device found, idVendor=0566, idProduct=3032
[    2.484016] usb 5-2: New USB device strings: Mfr=0, Product=0, SerialNumber=0
[    2.484067] usb 5-2: configuration #1 chosen from 1 choice
[    2.491116] usbcore: registered new interface driver hiddev
[    2.496133] input: HID 0566:3032 as /devices/pci0000:00/0000:00:13.0/usb5/5-2/5-2:1.0/input/input2
[    2.496171] generic-usb 0003:0566:3032.0001: input,hidraw0: USB HID v1.11 Keyboard [HID 0566:3032] on usb-0000:00:13.0-2/input0
[    2.505073] input: HID 0566:3032 as /devices/pci0000:00/0000:00:13.0/usb5/5-2/5-2:1.1/input/input3
[    2.505110] generic-usb 0003:0566:3032.0002: input,hidraw1: USB HID v1.11 Device [HID 0566:3032] on usb-0000:00:13.0-2/input1
[    2.505121] usbcore: registered new interface driver usbhid
[    2.505122] usbhid: v2.6:USB HID core driver
[    2.628023] ata1: SATA link up 3.0 Gbps (SStatus 123 SControl 300)
[    2.634422] ata1.00: ATA-7: SAMSUNG HD322HJ, 1AC01118, max UDMA7
[    2.634425] ata1.00: 625142448 sectors, multi 16: LBA48 NCQ (depth 31/32), AA
[    2.640896] ata1.00: configured for UDMA/133
[    2.656120] scsi 0:0:0:0: Direct-Access     ATA      SAMSUNG HD322HJ  1AC0 PQ: 0 ANSI: 5
[    2.656223] sd 0:0:0:0: Attached scsi generic sg0 type 0
[    2.656243] sd 0:0:0:0: [sda] 625142448 512-byte logical blocks: (320 GB/298 GiB)
[    2.656267] sd 0:0:0:0: [sda] Write Protect is off
[    2.656269] sd 0:0:0:0: [sda] Mode Sense: 00 3a 00 00
[    2.656279] sd 0:0:0:0: [sda] Write cache: enabled, read cache: enabled, doesn't support DPO or FUA
[    2.656441]  sda: sda1 sda2 < sda5 >
[    2.691865] sd 0:0:0:0: [sda] Attached SCSI disk
[    3.139070] EXT4-fs (sda1): mounted filesystem with ordered data mode
[    4.406509] init: plymouth-upstart-bridge main process (174) terminated with status 1
[    4.406517] init: plymouth-upstart-bridge main process ended, respawning
[    4.407696] init: plymouth-upstart-bridge main process (190) terminated with status 1
[    4.407703] init: plymouth-upstart-bridge main process ended, respawning
[    4.408955] init: plymouth-upstart-bridge main process (192) terminated with status 1
[    4.408962] init: plymouth-upstart-bridge main process ended, respawning
[    4.410110] init: plymouth-upstart-bridge main process (194) terminated with status 1
[    4.410117] init: plymouth-upstart-bridge main process ended, respawning
[    4.411247] init: plymouth-upstart-bridge main process (196) terminated with status 1
[    4.411254] init: plymouth-upstart-bridge main process ended, respawning
[    4.412417] init: plymouth-upstart-bridge main process (197) terminated with status 1
[    4.412425] init: plymouth-upstart-bridge main process ended, respawning
[    4.413675] init: plymouth-upstart-bridge main process (199) terminated with status 1
[    4.413682] init: plymouth-upstart-bridge main process ended, respawning
[    4.414838] init: plymouth-upstart-bridge main process (201) terminated with status 1
[    4.414845] init: plymouth-upstart-bridge main process ended, respawning
[    4.415984] init: plymouth-upstart-bridge main process (203) terminated with status 1
[    4.415991] init: plymouth-upstart-bridge main process ended, respawning
[   11.137149] Adding 8124408k swap on /dev/sda5.  Priority:-1 extents:1 across:8124408k 
[   11.386223] init: cgmanager main process (290) terminated with status 1
[   11.386230] init: cgmanager main process ended, respawning
[   11.449776] init: cgproxy main process (324) terminated with status 1
[   11.449783] init: cgproxy main process ended, respawning
[   11.532644] <30>systemd-udevd[333]: starting version 208
[   12.464962] parport_pc 00:06: reported by Plug and Play ACPI
[   12.465022] parport0: PC-style at 0x378, irq 7 [PCSPP,TRISTATE]
[   12.484946] ACPI: I/O resource piix4_smbus [0xb00-0xb07] conflicts with ACPI region SOR1 [0xb00-0xb0f]
[   12.484979] ACPI: If an ACPI driver is available for this device, you should use it instead of the native driver
[   12.564390] <27>systemd-udevd[365]: could not open builtin file '/lib/modules/2.6.32.65/modules.builtin.bin'
[   12.597493] ACPI: WMI: Mapper loaded
[   12.733390] shpchp: Standard Hot Plug PCI Controller Driver version: 0.4
[   12.780321] lp0: using parport0 (interrupt-driven).
[   12.875214] ppdev: user-space parallel port driver
[   13.291064] HDA Intel 0000:00:14.2: PCI INT A -> GSI 16 (level, low) -> IRQ 16
[   13.460798] init: Error while reading from descriptor: Broken pipe
[   13.462559] init: failsafe main process (719) killed by TERM signal
[   13.649097] hda_codec: ALC887: BIOS auto-probing.
[   13.650604] input: HDA Digital PCBeep as /devices/pci0000:00/0000:00:14.2/input/input4
[   13.653392] HDA Intel 0000:01:05.1: PCI INT B -> GSI 19 (level, low) -> IRQ 19
[   13.653410] HDA Intel 0000:01:05.1: setting latency timer to 64
[   14.579328] init: cups main process (833) killed by HUP signal
[   14.579336] init: cups main process ended, respawning
[   15.163688] hda_codec: num_steps = 0 for NID=0xc (ctl = Front Playback Volume)
[   15.163745] hda_codec: num_steps = 0 for NID=0xc (ctl = Front Playback Volume)
[   15.163933] hda_codec: num_steps = 0 for NID=0xc (ctl = Front Playback Volume)
[   15.262028] Bluetooth: Core ver 2.15
[   15.262079] NET: Registered protocol family 31
[   15.262081] Bluetooth: HCI device and connection manager initialized
[   15.262083] Bluetooth: HCI socket layer initialized
[   15.945032] <38>systemd-logind[987]: Watching system buttons on /dev/input/event1 (Power Button)
[   15.961032] <38>systemd-logind[987]: Watching system buttons on /dev/input/event0 (Power Button)
[   15.961066] <38>systemd-logind[987]: New seat seat0.
[   16.044432] r8169: eth0: link up
[   16.044439] r8169: eth0: link up
[   16.118240] r8169: eth1: link down
[   16.118330] ADDRCONF(NETDEV_UP): eth1: link is not ready
[   16.374458] hda_codec: num_steps = 0 for NID=0xc (ctl = Front Playback Volume)
[   16.374513] hda_codec: num_steps = 0 for NID=0xc (ctl = Front Playback Volume)
[   16.374596] hda_codec: num_steps = 0 for NID=0xc (ctl = Front Playback Volume)
[   16.374704] hda_codec: num_steps = 0 for NID=0xc (ctl = Front Playback Volume)
[   16.376233] hda_codec: num_steps = 0 for NID=0xc (ctl = Front Playback Volume)
[   16.385328] init: alsa-restore main process (1168) terminated with status 99
[   18.187857] vboxdrv: Found 4 processor cores.
[   18.188374] vboxdrv: fAsync=0 offMin=0x5b8 offMax=0x1738
[   18.188418] vboxdrv: TSC mode is 'synchronous', kernel timer mode is 'normal'.
[   18.188420] vboxdrv: Successfully loaded version 4.3.18_Ubuntu (interface 0x001a0008).
[   18.205676] vboxnetflt: disagrees about version of symbol skb_copy_bits
[   18.205679] vboxnetflt: Unknown symbol skb_copy_bits
[   18.205703] vboxnetflt: disagrees about version of symbol skb_put
[   18.205705] vboxnetflt: Unknown symbol skb_put
[   18.205729] vboxnetflt: disagrees about version of symbol dev_queue_xmit
[   18.205730] vboxnetflt: Unknown symbol dev_queue_xmit
[   18.205798] vboxnetflt: disagrees about version of symbol consume_skb
[   18.205799] vboxnetflt: Unknown symbol consume_skb
[   18.205876] vboxnetflt: disagrees about version of symbol dev_add_pack
[   18.205877] vboxnetflt: Unknown symbol dev_add_pack
[   18.205986] vboxnetflt: disagrees about version of symbol dev_set_promiscuity
[   18.205987] vboxnetflt: Unknown symbol dev_set_promiscuity
[   18.206144] vboxnetflt: disagrees about version of symbol eth_type_trans
[   18.206145] vboxnetflt: Unknown symbol eth_type_trans
[   18.206168] vboxnetflt: disagrees about version of symbol kfree_skb
[   18.206169] vboxnetflt: Unknown symbol kfree_skb
[   18.206237] vboxnetflt: disagrees about version of symbol skb_checksum_help
[   18.206238] vboxnetflt: Unknown symbol skb_checksum_help
[   18.206353] vboxnetflt: disagrees about version of symbol dev_remove_pack
[   18.206354] vboxnetflt: Unknown symbol dev_remove_pack
[   18.206419] vboxnetflt: disagrees about version of symbol skb_push
[   18.206420] vboxnetflt: Unknown symbol skb_push
[   18.206541] vboxnetflt: disagrees about version of symbol dev_alloc_skb
[   18.206542] vboxnetflt: Unknown symbol dev_alloc_skb
[   18.206565] vboxnetflt: disagrees about version of symbol netif_rx_ni
[   18.206566] vboxnetflt: Unknown symbol netif_rx_ni
[   18.207098] vboxnetflt: disagrees about version of symbol skb_copy
[   18.207100] vboxnetflt: Unknown symbol skb_copy
[   18.207341] vboxnetflt: disagrees about version of symbol skb_gso_segment
[   18.207342] vboxnetflt: Unknown symbol skb_gso_segment
[   22.700686] init: plymouth-upstart-bridge main process ended, respawning
[   23.276510] init: plymouth-stop pre-start process (1881) terminated with status 1
[   26.877012] eth0: no IPv6 routers present
[   27.775363] CPU0 attaching NULL sched-domain.
[   27.775367] CPU1 attaching NULL sched-domain.
[   27.775368] CPU2 attaching NULL sched-domain.
[   27.775370] CPU3 attaching NULL sched-domain.
[   27.800696] CPU0 attaching sched-domain:
[   27.800699]  domain 0: span 0-3 level MC
[   27.800701]   groups: 0 1 2 3
[   27.800705] CPU1 attaching sched-domain:
[   27.800706]  domain 0: span 0-3 level MC
[   27.800708]   groups: 1 2 3 0
[   27.800710] CPU2 attaching sched-domain:
[   27.800712]  domain 0: span 0-3 level MC
[   27.800713]   groups: 2 3 0 1
[   27.800715] CPU3 attaching sched-domain:
[   27.800716]  domain 0: span 0-3 level MC
[   27.800718]   groups: 3 0 1 2
[   52.392022] <35>systemd-logind[987]: Failed to start unit user@1000.service: Unknown unit: user@1000.service
[   52.392028] <35>systemd-logind[987]: Failed to start user service: Unknown unit: user@1000.service
[   52.392806] <38>systemd-logind[987]: New session 1 of user dkdk.
[  184.685031] BUG: soft lockup - CPU#0 stuck for 61s! [insmod:2697]
[  184.685031] Modules linked in: pcmsim(+) vboxdrv bluetooth snd_hda_codec_atihdmi snd_hda_codec_realtek snd_hda_intel snd_hda_codec snd_seq_midi snd_hwdep snd_seq_midi_event snd_rawmidi snd_pcm snd_seq snd_page_alloc snd_seq_device snd_timer ppdev joydev lp shpchp wmi serio_raw i2c_piix4 parport_pc parport snd soundcore pata_acpi usbhid hid psmouse pata_atiixp ahci r8169 mii

[  184.685031] Pid: 2697, comm: insmod Not tainted (2.6.32.65 #2) System Product Name
[  184.685031] EIP: 0060:[<f8266357>] EFLAGS: 00000286 CPU: 0
[  184.685031] EIP is at memory_calibrate+0x10a7/0x1d10 [pcmsim]
[  184.685031] EAX: 0000070b EBX: f172de24 ECX: fa2ef000 EDX: 00000dd0
[  184.685031] ESI: f8268ecc EDI: f82b6000 EBP: f172df4c ESP: f172d9e8
[  184.685031]  DS: 007b ES: 007b FS: 00d8 GS: 00e0 SS: 0068
[  184.685031] CR0: 8005003b CR2: b7580000 CR3: 364ec000 CR4: 000006f0
[  184.685031] DR0: 00000000 DR1: 00000000 DR2: 00000000 DR3: 00000000
[  184.685031] DR6: ffff0ff0 DR7: 00000400
[  184.685031] Call Trace:
[  184.685031]  [<c1232e80>] ? __sg_alloc_table+0x70/0x110
[  184.685031]  [<c1035580>] ? resched_task+0x60/0x70
[  184.685031]  [<c10a8ebe>] ? ftrace_convert_nops+0x11e/0x220
[  184.685031]  [<f820b000>] ? pcmsim_init+0x0/0x124 [pcmsim]
[  184.685031]  [<f820b011>] pcmsim_init+0x11/0x124 [pcmsim]
[  184.685031]  [<f820b000>] ? pcmsim_init+0x0/0x124 [pcmsim]
[  184.685031]  [<c1001129>] do_one_initcall+0x29/0x180
[  184.685031]  [<c106c8ef>] ? blocking_notifier_call_chain+0x1f/0x30
[  184.685031]  [<c108354b>] sys_init_module+0xab/0x230
[  184.685031]  [<c1002f6b>] sysenter_after_call+0x0/0x10

[  229.977772]   PCMSIM Memory Settings  
[  229.977776] --------------------------

[  229.977785] Memory Bus    : DDR3-1333
[  229.977789] Memory Width  :   64 bytes
[  229.977793] Bus Frequency :  666 MHz
[  229.977796] Scaling Factor:    5

[  229.977802] tRCD          :    9 bus cycles
[  229.977806] tRP           :    9 bus cycles


[  229.977814]   PCMSIM Calibration Report  
[  229.977817] -----------------------------

[  229.977823] CPU Frequency : 3200 MHz
[  229.977826] Num. of trials:   99 trials
[  229.977830] get_ticks     :  435 cycles

[  229.977836] Cached reads  :  299 cycles
[  229.977839] Uncached reads:  976 cycles

[  229.977845] Memory Access
[  229.977848]                  rUwU    rUwC      rU    rCwU    rCwC      rC
[  229.977854]    1 sector      1909    1833    1715    1521     869    1256
[  229.977860]    2 sectors     2891    2311    2760    2172    1187    2271
[  229.977866]    3 sectors     3542    2964    3808    2807    1450    3313
[  229.977872]    4 sectors     4657    3638    4856    3274    1700    4310
[  229.977878]    5 sectors     5484    4422    5873    4205    2085    5483
[  229.977883]    6 sectors     6059    5245    6927    4563    2227    6374
[  229.977889]    7 sectors     6902    5623    8109    5103    2468    7388
[  229.977895]    8 sectors     7691    6377    8990    5636    2718    8418

[  229.977901]                  rUwB    rCwB    rBwC    rBwB
[  229.977907]    1 sector      2185    1592    2825    2012
[  229.977912]    2 sectors     3131    2071    2510    3023
[  229.977916]    3 sectors     4250    2668    3145    3856
[  229.977921]    4 sectors     5012    3316    3790    4871
[  229.977926]    5 sectors     5849    3927    4469    5601
[  229.977931]    6 sectors     6772    4520    5168    6460
[  229.977936]    7 sectors     7797    5029    5868    7375
[  229.977941]    8 sectors     8282    5766    6555    8106

[  229.977947] Memory Access - half-widths of 95% prediction intervals
[  229.977951]                  rUwU    rUwC      rU    rCwU    rCwC      rC
[  229.977959]    1 sector       605     406     283     347     129     132
[  229.977967]    2 sectors     3007     573     373     535     162      99
[  229.977974]    3 sectors      738     674     460     666     172     174
[  229.977981]    4 sectors     3265     780     482     470     186      33
[  229.977988]    5 sectors     3287    3150     516    3289    2655    2870
[  229.977995]    6 sectors     1222    4368     448     958     234     194
[  229.978002]    7 sectors     1155    3152    3005     942     144      69
[  229.978009]    8 sectors     3690     768     452     984     121     119

[  229.978015]                  rUwB    rCwB    rBwC    rBwB
[  229.978021]    1 sector       434     512    7733     299
[  229.978027]    2 sectors      539     432     893     982
[  229.978033]    3 sectors     3027     537     571     666
[  229.978039]    4 sectors      972     774     649    3044
[  229.978044]    5 sectors     1139    1153     651     930
[  229.978050]    6 sectors     1355    1149     823    1101
[  229.978056]    7 sectors     3289     982     934    1480
[  229.978062]    8 sectors     1474    3078    1012    1814

[  229.978068] Memory Read is Cached if:
[  229.978073]    1 sector      T < 1677 or (T >    0 and T < 1712)
[  229.978078]    2 sectors     T < 2241 or (T >    0 and T < 2191)
[  229.978084]    3 sectors     T < 2885 or (T >    0 and T < 2816)
[  229.978089]    4 sectors     T < 3456 or (T >    0 and T < 3477)
[  229.978094]    5 sectors     T < 4313 or (T >    0 and T < 4174)
[  229.978099]    6 sectors     T < 4904 or (T >    0 and T < 4844)
[  229.978104]    7 sectors     T < 5363 or (T >    0 and T < 5326)
[  229.978109]    8 sectors     T < 6006 or (T >    0 and T < 6071)

[  229.978115] Memory Write to a Cached Region if:
[  229.978120]    1 sector      T < 1195 or (T > 1712 and T < 1871)
[  229.978125]    2 sectors     T < 1679 or (T > 2191 and T < 2601)
[  229.978131]    3 sectors     T < 2128 or (T > 2816 and T < 3253)
[  229.978136]    4 sectors     T < 2487 or (T > 3477 and T < 4147)
[  229.978141]    5 sectors     T < 3145 or (T > 4174 and T < 4953)
[  229.978146]    6 sectors     T < 3395 or (T > 4844 and T < 5652)
[  229.978151]    7 sectors     T < 3785 or (T > 5326 and T < 6262)
[  229.978156]    8 sectors     T < 4177 or (T > 6071 and T < 7034)

[  229.978163] Memory Reads - Accuracy (max = 99)
[  229.978166]                  rUwU    rUwC    rCwU    rCwC
[  229.978172]    1 sector        99      99      82      96
[  229.978176]    2 sectors       99      99      59      98
[  229.978181]    3 sectors       99      91      57      97
[  229.978186]    4 sectors       99      86      70      99
[  229.978191]    5 sectors       99      35      67      99
[  229.978196]    6 sectors       99      36      78      98
[  229.978201]    7 sectors       99      57      66      99
[  229.978205]    8 sectors       99      35      77      99

[  229.978211]                  rUwB    rCwB    rBwC    rBwB
[  229.978216]    1 sector        99      86      99      99
[  229.978221]    2 sectors       99      65      99      99
[  229.978226]    3 sectors       99      71      99      99
[  229.978231]    4 sectors       99      64      99      99
[  229.978236]    5 sectors       99      75      86      99
[  229.978241]    6 sectors       99      85      93      99
[  229.978246]    7 sectors       99      68      99      99
[  229.978250]    8 sectors       99      80      99      99

[  229.978257] Memory Writes - Accuracy (max = 99)
[  229.978260]                  rUwU    rUwC    rCwU    rCwC
[  229.978265]    1 sector        99       4      94      93
[  229.978270]    2 sectors       99      80      70      99
[  229.978275]    3 sectors       99      71      73      95
[  229.978280]    4 sectors       99      78      73      95
[  229.978285]    5 sectors       96      25      73      93
[  229.978289]    6 sectors       99      32      81      97
[  229.978294]    7 sectors       99      51      69      93
[  229.978299]    8 sectors       99      31      77      95

[  229.978305]                  rUwB    rCwB    rBwC    rBwB
[  229.978310]    1 sector        99      94       0      99
[  229.978315]    2 sectors       99      87      44      99
[  229.978320]    3 sectors       99      85      43      99
[  229.978325]    4 sectors       99      66      65      99
[  229.978330]    5 sectors       99      75      74      99
[  229.978334]    6 sectors       99      90      70      99
[  229.978339]    7 sectors       99      77      73      99
[  229.978344]    8 sectors       99      80      82      99


[  229.978363]   PCMSIM PCM Settings  
[  229.978366] -----------------------

[  229.978372] tRCD          :   37 bus cycles
[  229.978375] tRP           :  100 bus cycles

[  229.978381] pcm
[  229.978385]    1 sector   :  1725 cycles read,   2355 cycles write
[  229.978390]    2 sectors  :  2780 cycles read,   4040 cycles write
[  229.978395]    3 sectors  :  3838 cycles read,   5728 cycles write
[  229.978400]    4 sectors  :  4896 cycles read,   7416 cycles write
[  229.978405]    5 sectors  :  5923 cycles read,   9073 cycles write
[  229.978410]    6 sectors  :  6987 cycles read,  10767 cycles write
[  229.978416]    7 sectors  :  8179 cycles read,  12589 cycles write
[  229.978421]    8 sectors  :  9070 cycles read,  14110 cycles write

[  229.978427] pcm delta
[  229.978431]    1 sector   :    10 cycles read,    640 cycles write
[  229.978436]    2 sectors  :    20 cycles read,   1280 cycles write
[  229.978441]    3 sectors  :    30 cycles read,   1920 cycles write
[  229.978446]    4 sectors  :    40 cycles read,   2560 cycles write
[  229.978451]    5 sectors  :    50 cycles read,   3200 cycles write
[  229.978456]    6 sectors  :    60 cycles read,   3840 cycles write
[  229.978461]    7 sectors  :    70 cycles read,   4480 cycles write
[  229.978466]    8 sectors  :    80 cycles read,   5120 cycles write

[  229.984480] pcmsim: module loaded
